CRITICAL - 2026-06-09 03:35:45 --> CodeIgniter\Session\Exceptions\SessionException: Session: Configured save path "D:\xampp\htdocs\trabajocampo_grupo31\writable\session" is not writable by the PHP process.
[Method: GET, Route: /]
in SYSTEMPATH\Session\Handlers\FileHandler.php on line 102.
 1 SYSTEMPATH\Session\Handlers\FileHandler.php(102): CodeIgniter\Session\Exceptions\SessionException::forWriteProtectedSavePath('D:\\xampp\\htdocs\\trabajocampo_grupo31\\writable\\session')
 2 [internal function]: CodeIgniter\Session\Handlers\FileHandler->open('D:\\xampp\\htdocs\\trabajocampo_grupo31\\writable\\session', 'ci_session')
 3 SYSTEMPATH\Session\Session.php(625): session_start()
 4 SYSTEMPATH\Session\Session.php(120): CodeIgniter\Session\Session->startSession()
 5 SYSTEMPATH\Config\Services.php(715): CodeIgniter\Session\Session->start()
 6 SYSTEMPATH\Config\BaseService.php(325): CodeIgniter\Config\Services::session(Object(Config\Session), false)
 7 SYSTEMPATH\Config\BaseService.php(264): CodeIgniter\Config\BaseService::__callStatic('session', [...])
 8 SYSTEMPATH\Config\Services.php(668): CodeIgniter\Config\BaseService::getSharedInstance('session', null)
 9 SYSTEMPATH\Config\BaseService.php(334): CodeIgniter\Config\Services::session()
10 SYSTEMPATH\Config\BaseService.php(203): CodeIgniter\Config\BaseService::__callStatic('session', [])
11 SYSTEMPATH\Common.php(1078): CodeIgniter\Config\BaseService::get('session')
12 SYSTEMPATH\Common.php(1051): service('session')
13 APPPATH\Views\front\header.php(50): session('logueado')
14 SYSTEMPATH\View\View.php(240): include('D:\\xampp\\htdocs\\trabajocampo_grupo31\\app\\Views\\front\\header.php')
15 SYSTEMPATH\View\View.php(243): CodeIgniter\View\View->CodeIgniter\View\{closure}()
16 SYSTEMPATH\Common.php(1250): CodeIgniter\View\View->render('front/header', [], true)
17 APPPATH\Controllers\Home.php(10): view('front/header', [...])
18 SYSTEMPATH\CodeIgniter.php(951): App\Controllers\Home->index()
19 SYSTEMPATH\CodeIgniter.php(497): CodeIgniter\CodeIgniter->runController(Object(App\Controllers\Home))
20 SYSTEMPATH\CodeIgniter.php(340): CodeIgniter\CodeIgniter->handleRequest(null, Object(Config\Cache), false)
21 SYSTEMPATH\Boot.php(417): CodeIgniter\CodeIgniter->run()
22 SYSTEMPATH\Boot.php(68): CodeIgniter\Boot::runCodeIgniter(Object(CodeIgniter\CodeIgniter))
23 FCPATH\index.php(59): CodeIgniter\Boot::bootWeb(Object(Config\Paths))
